[debug] [2025-06-07T13:27:11.794Z] ----------------------------------------------------------------------
[debug] [2025-06-07T13:27:11.797Z] Command:       /usr/bin/node /usr/local/bin/firebase deploy
[debug] [2025-06-07T13:27:11.798Z] CLI Version:   13.0.1
[debug] [2025-06-07T13:27:11.798Z] Platform:      linux
[debug] [2025-06-07T13:27:11.798Z] Node Version:  v18.20.1
[debug] [2025-06-07T13:27:11.806Z] Time:          Sat Jun 07 2025 18:57:11 GMT+0530 (India Standard Time)
[debug] [2025-06-07T13:27:11.806Z] ----------------------------------------------------------------------
[debug] 
[debug] [2025-06-07T13:27:11.810Z] >>> [apiv2][query] GET https://firebase-public.firebaseio.com/cli.json [none]
[debug] [2025-06-07T13:27:11.909Z] > command requires scopes: ["email","openid","https://www.googleapis.com/auth/cloudplatformprojects.readonly","https://www.googleapis.com/auth/firebase","https://www.googleapis.com/auth/cloud-platform"]
[debug] [2025-06-07T13:27:11.909Z] > authorizing via signed-in user (as6311435@gmail.com)
[debug] [2025-06-07T13:27:11.909Z] [iam] checking project sjcit-connect for permissions ["firebase.projects.get","firebasehosting.sites.update"]
[debug] [2025-06-07T13:27:11.910Z] > refreshing access token with scopes: []
[debug] [2025-06-07T13:27:11.912Z] >>> [apiv2][query] POST https://www.googleapis.com/oauth2/v3/token [none]
[debug] [2025-06-07T13:27:11.912Z] >>> [apiv2][body] POST https://www.googleapis.com/oauth2/v3/token [omitted]
[debug] [2025-06-07T13:27:11.918Z] *** [apiv2] error from fetch(https://firebase-public.firebaseio.com/cli.json, {"headers":{},"method":"GET"}): FetchError: request to https://firebase-public.firebaseio.com/cli.json failed, reason: getaddrinfo EAI_AGAIN firebase-public.firebaseio.com
[warn] ⚠  Unable to fetch the CLI MOTD and remote config. This is not a fatal error, but may indicate an issue with your network connection. 
[debug] [2025-06-07T13:27:11.919Z] Failed to fetch MOTD FirebaseError: Failed to make request to https://firebase-public.firebaseio.com/cli.json
[debug] [2025-06-07T13:27:11.919Z] *** [apiv2] error from fetch(https://www.googleapis.com/oauth2/v3/token, {"headers":{},"method":"POST","body":{"_overheadLength":545,"_valueLength":212,"_valuesToMeasure":[],"writable":false,"readable":true,"dataSize":0,"maxDataSize":2097152,"pauseStreams":true,"_released":true,"_streams":[],"_currentStream":null,"_insideLoop":false,"_pendingNext":false,"_boundary":"--------------------------792685112468603636329985","_events":{},"_eventsCount":1}}): FetchError: request to https://www.googleapis.com/oauth2/v3/token failed, reason: getaddrinfo EAI_AGAIN www.googleapis.com
[debug] [2025-06-07T13:27:11.920Z] [iam] error while checking permissions, command may fail: FirebaseError: Authentication Error: Your credentials are no longer valid. Please run firebase login --reauth

For CI servers and headless environments, generate a new token with firebase login:ci
[debug] [2025-06-07T13:27:11.920Z] > refreshing access token with scopes: []
[debug] [2025-06-07T13:27:11.921Z] >>> [apiv2][query] POST https://www.googleapis.com/oauth2/v3/token [none]
[debug] [2025-06-07T13:27:11.921Z] >>> [apiv2][body] POST https://www.googleapis.com/oauth2/v3/token [omitted]
[debug] [2025-06-07T13:27:11.930Z] *** [apiv2] error from fetch(https://www.googleapis.com/oauth2/v3/token, {"headers":{},"method":"POST","body":{"_overheadLength":545,"_valueLength":212,"_valuesToMeasure":[],"writable":false,"readable":true,"dataSize":0,"maxDataSize":2097152,"pauseStreams":true,"_released":true,"_streams":[],"_currentStream":null,"_insideLoop":false,"_pendingNext":false,"_boundary":"--------------------------973156865349629778629064","_events":{},"_eventsCount":1}}): FetchError: request to https://www.googleapis.com/oauth2/v3/token failed, reason: getaddrinfo EAI_AGAIN www.googleapis.com
[debug] [2025-06-07T13:27:11.930Z] Authentication Error: Your credentials are no longer valid. Please run firebase login --reauth

For CI servers and headless environments, generate a new token with firebase login:ci
[error] 
[error] Error: Assertion failed: resolving hosting target of a site with no site name or target name. This should have caused an error earlier
